[hotcherry.online/index.html]
[backblue.gif]
[fade.gif]
[index.html]
[hotcherry.online/images/tild3762-6462-4438-b339-653564663564__-__resize__504x__unnamed_agadpvaaagxz.gif]
[hotcherry.online/images/tild6535-3537-4639-b361-656666313862__cherryfav.svg]
[neo.tildacdn.com/js/tilda-fallback-1.0.min.js]
[hotcherry.online/css/tilda-grid-3.0.min.css]
[hotcherry.online/css/tilda-blocks-page47650183.mindecc.css]
[hotcherry.online/css/tilda-animation-2.0.min.css]
[hotcherry.online/css/tilda-cards-1.0.min.css]
[hotcherry.online/css/highlight.min.css]
[hotcherry.online/css/fonts-tildasans.css]
[hotcherry.online/js/tilda-polyfill-1.0.min.js]
[hotcherry.online/js/jquery-1.10.2.min.js]
[hotcherry.online/js/tilda-scripts-3.0.min.js]
[hotcherry.online/js/tilda-blocks-page47650183.mindecc.js]
[hotcherry.online/js/lazyload-1.3.min.export.js]
[hotcherry.online/js/tilda-animation-2.0.min.js]
[hotcherry.online/js/tilda-menu-1.0.min.js]
[hotcherry.online/js/tilda-cards-1.0.min.js]
[hotcherry.online/js/highlight.min.js]
[hotcherry.online/js/tilda-skiplink-1.0.min.js]
[hotcherry.online/js/tilda-events-1.0.min.js]
[hotcherry.online/images/tild3762-6462-4438-b339-653564663564__unnamed_agadpvaaagxz.gif]
[hotcherry.online/images/tild6439-6363-4330-b538-346362336261__-__empty__emojibest_com_animat.gif]
[hotcherry.online/images/tild6439-6363-4330-b538-346362336261__emojibest_com_animat.gif]
[hotcherry.online/images/tild6337-3966-4839-b131-383335613436__-__empty__emojibest_com_commun.gif]
[hotcherry.online/images/tild6337-3966-4839-b131-383335613436__emojibest_com_commun.gif]
[hotcherry.online/images/tild6264-3936-4330-a666-313432353564__-__empty__emojibest_com_symbol.gif]
[hotcherry.online/images/tild6236-6337-4462-b336-313330333637__-__empty__emojibest_com_like.gif]
[hotcherry.online/images/tild6133-3736-4236-a636-636166306135__-__empty__unnamed_agadpvaaagxz.gif]
[hotcherry.online/images/tild6133-3736-4236-a636-636166306135__unnamed_agadpvaaagxz.gif]
[hotcherry.online/images/tild6131-6362-4731-a230-313631313465__wallet.svg]
[hotcherry.online/images/tild3764-6462-4165-b434-383937396632__ton_logo.svg]
[hotcherry.online/images/tild3461-3134-4462-b262-363034663165__stonfi.svg]
[hotcherry.online/images/tild6430-3939-4338-b339-363165633763__cherry.svg]
[hotcherry.online/images/tild3035-3535-4164-a230-333131333566__-__empty__emojibest_com_disco_.gif]
[hotcherry.online/images/tild3035-3535-4164-a230-333131333566__emojibest_com_disco_.gif]
[hotcherry.online/index.html]
[hotcherry.online/images/tild3762-6462-4438-b339-653564663564__-__resize__504x__unnamed_agadpvaaagxz.html]
[hotcherry.online/images/tild6535-3537-4639-b361-656666313862__cherryfav.svg]
[hotcherry.online/css/tilda-grid-3.0.min.css]
[hotcherry.online/css/tilda-blocks-page47650183.mindecc.css]
[hotcherry.online/css/tilda-animation-2.0.min.css]
[hotcherry.online/css/tilda-cards-1.0.min.css]
[hotcherry.online/css/highlight.min.css]
[hotcherry.online/css/fonts-tildasans.css]
[hotcherry.online/images/tild6131-6362-4731-a230-313631313465__wallet.svg]
[hotcherry.online/images/tild3764-6462-4165-b434-383937396632__ton_logo.svg]
[hotcherry.online/images/tild3461-3134-4462-b262-363034663165__stonfi.svg]
[hotcherry.online/images/tild6430-3939-4338-b339-363165633763__cherry.svg]
[cdnjs.cloudflare.com/ajax/libs/smoothscroll/1.4.10/SmoothScroll.min.js]
